2026-01-27 00:31:54.325   666-666   Capacitor               com.FayaFlex.App                     V  callback: 61059277, pluginId: SplashScreen, methodName: hide, methodData: {}
2026-01-27 00:31:54.339   666-666   Capacitor/Console       com.FayaFlex.App                     I  File:  - Line 333 - Msg: undefined
2026-01-27 00:31:54.355   666-1003  CapacitorCookies        com.FayaFlex.App                     I  Getting cookies at: 'https://fayaflex.com/api/auth/user'
2026-01-27 00:31:54.603   666-666   Capacitor/Console       com.FayaFlex.App                     I  File: https://fayaflex.com/ - Line 56 - Msg: Service Worker registered: https://fayaflex.com/
2026-01-27 00:31:54.902   666-666   Capacitor/Console       com.FayaFlex.App                     I  File: https://fayaflex.com/assets/index-De7flV7c.js - Line 48 - Msg: [API] Native response: 401
2026-01-27 00:31:56.193   666-1014  ProfileInstaller        com.FayaFlex.App                     D  Installing profile for com.FayaFlex.App
2026-01-27 00:31:56.308   666-666   Capacitor/Console       com.FayaFlex.App                     I  File: https://fayaflex.com/assets/index-De7flV7c.js - Line 553 - Msg: [AutoSync] No user logged in, skipping sync
2026-01-27 00:32:01.162   666-666   AutofillManager         com.FayaFlex.App                     I  showAutofillDialog() return false due to improve fill dialog
2026-01-27 00:32:01.181   666-666   ImeTracker              com.FayaFlex.App                     I  com.FayaFlex.App:a2ed946c: onRequestShow at ORIGIN_CLIENT reason SHOW_SOFT_INPUT fromUser false
2026-01-27 00:32:01.185   666-666   InsetsController        com.FayaFlex.App                     D  show(ime())
2026-01-27 00:32:01.185   666-666   InsetsController        com.FayaFlex.App                     D  Setting requestedVisibleTypes to 511 (was 503)
2026-01-27 00:32:01.204   666-666   AssistStructure         com.FayaFlex.App                     I  Flattened final assist data: 3056 bytes, containing 1 windows, 6 views
2026-01-27 00:32:01.534   666-666   WindowOnBackDispatcher  com.FayaFlex.App                     D  setTopOnBackInvokedCallback (unwrapped): android.view.ImeBackAnimationController@e42da1c
2026-01-27 00:32:01.654   666-1023  InteractionJankMonitor  com.FayaFlex.App                     W  Initializing without READ_DEVICE_CONFIG permission. enabled=false, interval=1, missedFrameThreshold=3, frameTimeThreshold=64, package=com.FayaFlex.App
2026-01-27 00:32:01.886   666-690   om.FayaFlex.App         com.FayaFlex.App                     W  userfaultfd: MOVE ioctl seems unsupported: Connection timed out
2026-01-27 00:32:01.886   666-666   ImeTracker              com.FayaFlex.App                     I  com.FayaFlex.App:ad5a0d86: onRequestShow at ORIGIN_CLIENT reason SHOW_SOFT_INPUT fromUser false
2026-01-27 00:32:01.887   666-666   InsetsController        com.FayaFlex.App                     D  show(ime())
2026-01-27 00:32:01.887   666-666   ImeTracker              com.FayaFlex.App                     I  com.FayaFlex.App:ad5a0d86: onCancelled at PHASE_CLIENT_APPLY_ANIMATION
2026-01-27 00:32:01.905   666-690   om.FayaFlex.App         com.FayaFlex.App                     I  Background concurrent mark compact GC freed 6303KB AllocSpace bytes, 35(1404KB) LOS objects, 49% free, 4312KB/8624KB, paused 4.081ms,1.110ms total 722.629ms
2026-01-27 00:32:01.942   666-666   ImeTracker              com.FayaFlex.App                     I  com.FayaFlex.App:a2ed946c: onShown
2026-01-27 00:32:02.649   666-666   ImeTracker              com.FayaFlex.App                     I  com.FayaFlex.App:8c363bc3: onRequestShow at ORIGIN_CLIENT reason SHOW_SOFT_INPUT fromUser false
2026-01-27 00:32:02.650   666-666   InsetsController        com.FayaFlex.App                     D  show(ime())
2026-01-27 00:32:02.651   666-666   ImeTracker              com.FayaFlex.App                     I  com.FayaFlex.App:8c363bc3: onCancelled at PHASE_CLIENT_APPLY_ANIMATION
2026-01-27 00:32:04.380   666-666   ImeTracker              com.FayaFlex.App                     I  com.FayaFlex.App:d5615dcd: onRequestHide at ORIGIN_CLIENT reason HIDE_SOFT_INPUT fromUser false
2026-01-27 00:32:04.381   666-666   InsetsController        com.FayaFlex.App                     D  hide(ime())
2026-01-27 00:32:04.382   666-666   WindowOnBackDispatcher  com.FayaFlex.App                     D  setTopOnBackInvokedCallback (unwrapped): androidx.activity.OnBackPressedDispatcher$Api34Impl$createOnBackAnimationCallback$1@2e18517
2026-01-27 00:32:04.383   666-666   InsetsController        com.FayaFlex.App                     D  Setting requestedVisibleTypes to 503 (was 511)
2026-01-27 00:32:04.385   666-666   CompatChangeReporter    com.FayaFlex.App                     D  Compat change id reported: 395521150; UID 10230; state: ENABLED
2026-01-27 00:32:04.434   666-666   ImeTracker              com.FayaFlex.App                     I  system_server:fe96a76f: onCancelled at PHASE_CLIENT_ON_CONTROLS_CHANGED
2026-01-27 00:32:05.725   666-666   ImeTracker              com.FayaFlex.App                     I  com.FayaFlex.App:396c261c: onRequestShow at ORIGIN_CLIENT reason SHOW_SOFT_INPUT fromUser false
2026-01-27 00:32:05.727   666-666   InsetsController        com.FayaFlex.App                     D  show(ime())
2026-01-27 00:32:05.728   666-666   InsetsController        com.FayaFlex.App                     D  Setting requestedVisibleTypes to 511 (was 503)
2026-01-27 00:32:05.804   666-666   WindowOnBackDispatcher  com.FayaFlex.App                     D  setTopOnBackInvokedCallback (unwrapped): android.view.ImeBackAnimationController@e42da1c
2026-01-27 00:32:06.081   666-666   ImeTracker              com.FayaFlex.App                     I  com.FayaFlex.App:396c261c: onShown
2026-01-27 00:32:18.626   666-666   ImeTracker              com.FayaFlex.App                     I  com.FayaFlex.App:dab486e1: onRequestShow at ORIGIN_CLIENT reason SHOW_SOFT_INPUT fromUser false
2026-01-27 00:32:18.627   666-666   InsetsController        com.FayaFlex.App                     D  show(ime())
2026-01-27 00:32:18.627   666-666   ImeTracker              com.FayaFlex.App                     I  com.FayaFlex.App:dab486e1: onCancelled at PHASE_CLIENT_APPLY_ANIMATION
2026-01-27 00:32:18.635   666-666   AssistStructure         com.FayaFlex.App                     I  Flattened final assist data: 3064 bytes, containing 1 windows, 6 views
2026-01-27 00:32:23.915   666-666   Capacitor/Console       com.FayaFlex.App                     I  File: https://fayaflex.com/assets/index-De7flV7c.js - Line 48 - Msg: [API] POST https://fayaflex.com/api/login (native: true)
2026-01-27 00:32:23.915   666-666   Capacitor/Console       com.FayaFlex.App                     I  File: https://fayaflex.com/assets/index-De7flV7c.js - Line 48 - Msg: [API] Native POST https://fayaflex.com/api/login
2026-01-27 00:32:23.918   666-666   Capacitor/Plugin        com.FayaFlex.App                     V  To native (Capacitor plugin): callbackId: 61059278, pluginId: CapacitorHttp, methodName: request
2026-01-27 00:32:23.918   666-666   Capacitor               com.FayaFlex.App                     V  callback: 61059278, pluginId: CapacitorHttp, methodName: request, methodData: {"url":"https:\/\/fayaflex.com\/api\/login","headers":{"Content-Type":"application\/json"},"method":"POST","data":{"username":"Jackblack","password":"Jackblack"}}
2026-01-27 00:32:23.922   666-1003  CapacitorCookies        com.FayaFlex.App                     I  Getting cookies at: 'https://fayaflex.com/api/login'
2026-01-27 00:32:25.282   666-1003  CapacitorCookies        com.FayaFlex.App                     I  Setting cookie 'connect.sid=s%3AyMY_GazE6SHy5LiV-p3F5UqVfGbqxs5E.nc3EmkyvNxRPAhNz8ZsF5FlXA7cqGdpR0E5XF1NIfKA; Path=/; Expires=Mon, 02 Feb 2026 22:32:27 GMT; HttpOnly; Secure; SameSite=None' at: 'https://fayaflex.com/api/login'
2026-01-27 00:32:25.288   666-1003  CapacitorCookies        com.FayaFlex.App                     I  Setting cookie 'connect.sid=s%3AyMY_GazE6SHy5LiV-p3F5UqVfGbqxs5E.nc3EmkyvNxRPAhNz8ZsF5FlXA7cqGdpR0E5XF1NIfKA; Path=/; Expires=Mon, 02 Feb 2026 22:32:27 GMT; HttpOnly; Secure; SameSite=None' at: 'https://fayaflex.com'
2026-01-27 00:32:25.321   666-666   Capacitor/Console       com.FayaFlex.App                     I  File: https://fayaflex.com/assets/index-De7flV7c.js - Line 48 - Msg: [API] Native response: 200
2026-01-27 00:32:25.322   666-666   Capacitor/Console       com.FayaFlex.App                     E  File: https://fayaflex.com/assets/index-De7flV7c.js - Line 48 - Msg: [AuthStorage] Failed to set token in native storage: Error: "Preferences" plugin is not implemented on android
2026-01-27 00:32:25.323   666-666   Capacitor/Console       com.FayaFlex.App                     I  File: https://fayaflex.com/assets/index-De7flV7c.js - Line 48 - Msg: [API] Native GET https://fayaflex.com/api/auth/user
2026-01-27 00:32:25.330   666-666   Capacitor/Plugin        com.FayaFlex.App                     V  To native (Capacitor plugin): callbackId: 61059279, pluginId: CapacitorHttp, methodName: request
2026-01-27 00:32:25.330   666-666   Capacitor               com.FayaFlex.App                     V  callback: 61059279, pluginId: CapacitorHttp, methodName: request, methodData: {"url":"https:\/\/fayaflex.com\/api\/auth\/user","headers":{"Authorization":"Bearer [REDACTED-JWT]"},"method":"GET"}
2026-01-27 00:32:25.334   666-1003  CapacitorCookies        com.FayaFlex.App                     I  Getting cookies at: 'https://fayaflex.com/api/auth/user'
2026-01-27 00:32:25.717   666-666   Capacitor/Console       com.FayaFlex.App                     I  File: https://fayaflex.com/assets/index-De7flV7c.js - Line 48 - Msg: [API] Native response: 200
2026-01-27 00:32:25.720   666-666   Capacitor/Console       com.FayaFlex.App                     I  File: https://fayaflex.com/assets/index-De7flV7c.js - Line 48 - Msg: [API] Native GET https://fayaflex.com/api/teams
2026-01-27 00:32:25.734   666-666   Capacitor/Plugin        com.FayaFlex.App                     V  To native (Capacitor plugin): callbackId: 61059280, pluginId: CapacitorHttp, methodName: request
2026-01-27 00:32:25.735   666-666   Capacitor               com.FayaFlex.App                     V  callback: 61059280, pluginId: CapacitorHttp, methodName: request, methodData: {"url":"https:\/\/fayaflex.com\/api\/teams","headers":{"Authorization":"Bearer [REDACTED-JWT]"},"method":"GET"}
2026-01-27 00:32:25.735   666-666   Capacitor/Plugin        com.FayaFlex.App                     V  To native (Capacitor plugin): callbackId: 61059281, pluginId: App, methodName: addListener
2026-01-27 00:32:25.735   666-666   Capacitor               com.FayaFlex.App                     V  callback: 61059281, pluginId: App, methodName: addListener, methodData: {"eventName":"appStateChange"}
2026-01-27 00:32:25.735   666-666   Capacitor/Plugin        com.FayaFlex.App                     V  To native (Capacitor plugin): callbackId: 61059282, pluginId: App, methodName: removeListener
2026-01-27 00:32:25.735   666-666   Capacitor               com.FayaFlex.App                     V  callback: 61059282, pluginId: App, methodName: removeListener, methodData: {"eventName":"appStateChange","callbackId":"61059275"}
2026-01-27 00:32:25.736   666-1003  CapacitorCookies        com.FayaFlex.App                     I  Getting cookies at: 'https://fayaflex.com/api/teams'
2026-01-27 00:32:25.756   666-666   ImeTracker              com.FayaFlex.App                     I  com.FayaFlex.App:4149a239: onRequestHide at ORIGIN_CLIENT reason HIDE_SOFT_INPUT fromUser false
2026-01-27 00:32:25.756   666-666   InsetsController        com.FayaFlex.App                     D  hide(ime())
2026-01-27 00:32:25.757   666-666   WindowOnBackDispatcher  com.FayaFlex.App                     D  setTopOnBackInvokedCallback (unwrapped): androidx.activity.OnBackPressedDispatcher$Api34Impl$createOnBackAnimationCallback$1@2e18517
2026-01-27 00:32:25.759   666-666   InsetsController        com.FayaFlex.App                     D  Setting requestedVisibleTypes to 503 (was 511)
2026-01-27 00:32:25.868   666-666   ImeTracker              com.FayaFlex.App                     I  system_server:ddf8a2c9: onCancelled at PHASE_CLIENT_ON_CONTROLS_CHANGED
2026-01-27 00:32:26.539   666-666   Capacitor/Console       com.FayaFlex.App                     I  File: https://fayaflex.com/assets/index-De7flV7c.js - Line 48 - Msg: [API] Native response: 200
2026-01-27 00:32:27.722   666-666   Capacitor/Console       com.FayaFlex.App                     I  File: https://fayaflex.com/assets/index-De7flV7c.js - Line 553 - Msg: [AutoSync] Starting automatic health sync...
2026-01-27 00:32:27.723   666-666   Capacitor/Plugin        com.FayaFlex.App                     V  To native (Capacitor plugin): callbackId: 61059283, pluginId: HealthPlugin, methodName: isHealthAvailable
2026-01-27 00:32:27.723   666-666   Capacitor               com.FayaFlex.App                     V  callback: 61059283, pluginId: HealthPlugin, methodName: isHealthAvailable, methodData: {}
2026-01-27 00:32:27.772   666-666   Capacitor/Console       com.FayaFlex.App                     I  File: https://fayaflex.com/assets/index-De7flV7c.js - Line 553 - Msg: [AutoSync] Provider: android_health
2026-01-27 00:32:27.773   666-666   Capacitor/Console       com.FayaFlex.App                     I  File: https://fayaflex.com/assets/index-De7flV7c.js - Line 553 - Msg: [AutoSync] Fetching health data from 2026-01-19T22:32:27.771Z to 2026-01-26T22:32:27.771Z
2026-01-27 00:32:27.773   666-666   Capacitor/Console       com.FayaFlex.App                     I  File: https://fayaflex.com/assets/index-De7flV7c.js - Line 535 - Msg: [HealthService] Fetching health data from 2026-01-19T22:32:27.771Z to 2026-01-26T22:32:27.771Z
2026-01-27 00:32:27.785   666-666   Capacitor/Console       com.FayaFlex.App                     I  File: https://fayaflex.com/assets/index-De7flV7c.js - Line 535 - Msg: [HealthService] Android - Using capacitor-health plugin
2026-01-27 00:32:27.790   666-666   Capacitor/Plugin        com.FayaFlex.App                     V  To native (Capacitor plugin): callbackId: 61059284, pluginId: HealthPlugin, methodName: queryAggregated
2026-01-27 00:32:27.791   666-666   Capacitor               com.FayaFlex.App                     V  callback: 61059284, pluginId: HealthPlugin, methodName: queryAggregated, methodData: {"startDate":"2026-01-19T22:32:27.771Z","endDate":"2026-01-26T22:32:27.771Z","dataType":"steps","bucket":"day"}
2026-01-27 00:32:27.942   666-666   Capacitor/Console       com.FayaFlex.App                     I  File: https://fayaflex.com/assets/index-De7flV7c.js - Line 535 - Msg: [HealthService] Steps processed: 7 records
2026-01-27 00:32:27.943   666-666   Capacitor/Console       com.FayaFlex.App                     I  File: https://fayaflex.com/assets/index-De7flV7c.js - Line 535 - Msg: [HealthService] Trying calorie dataType: active-calories
2026-01-27 00:32:27.959   666-666   Capacitor/Plugin        com.FayaFlex.App                     V  To native (Capacitor plugin): callbackId: 61059285, pluginId: HealthPlugin, methodName: queryAggregated
2026-01-27 00:32:27.959   666-666   Capacitor               com.FayaFlex.App                     V  callback: 61059285, pluginId: HealthPlugin, methodName: queryAggregated, methodData: {"startDate":"2026-01-19T22:32:27.771Z","endDate":"2026-01-26T22:32:27.771Z","dataType":"active-calories","bucket":"day"}
2026-01-27 00:32:28.009   666-666   Capacitor/Console       com.FayaFlex.App                     I  File: https://fayaflex.com/assets/index-De7flV7c.js - Line 535 - Msg: [HealthService] active-calories: 7 records, total=0
2026-01-27 00:32:28.009   666-666   Capacitor/Console       com.FayaFlex.App                     I  File: https://fayaflex.com/assets/index-De7flV7c.js - Line 535 - Msg: [HealthService] active-calories sample: {"startDate":"2026-01-20T00:32:27.771","endDate":"2026-01-21T00:32:27.771"}
2026-01-27 00:32:28.010   666-666   Capacitor/Console       com.FayaFlex.App                     I  File: https://fayaflex.com/assets/index-De7flV7c.js - Line 535 - Msg: [HealthService] Trying calorie dataType: calories
2026-01-27 00:32:28.011   666-666   Capacitor/Plugin        com.FayaFlex.App                     V  To native (Capacitor plugin): callbackId: 61059286, pluginId: HealthPlugin, methodName: queryAggregated
2026-01-27 00:32:28.012   666-666   Capacitor               com.FayaFlex.App                     V  callback: 61059286, pluginId: HealthPlugin, methodName: queryAggregated, methodData: {"startDate":"2026-01-19T22:32:27.771Z","endDate":"2026-01-26T22:32:27.771Z","dataType":"calories","bucket":"day"}
2026-01-27 00:32:28.015   666-846   Capacitor               com.FayaFlex.App                     D  Sending plugin error: {"save":false,"callbackId":"61059286","pluginId":"HealthPlugin","methodName":"queryAggregated","success":false,"error":{"message":"Unsupported dataType: calories"}}
2026-01-27 00:32:28.018   666-666   Capacitor/Console       com.FayaFlex.App                     I  File: https://fayaflex.com/assets/index-De7flV7c.js - Line 535 - Msg: [HealthService] calories not available: Error: Unsupported dataType: calories
2026-01-27 00:32:28.019   666-666   Capacitor/Console       com.FayaFlex.App                     I  File: https://fayaflex.com/assets/index-De7flV7c.js - Line 535 - Msg: [HealthService] Trying calorie dataType: total-calories
2026-01-27 00:32:28.019   666-666   Capacitor/Plugin        com.FayaFlex.App                     V  To native (Capacitor plugin): callbackId: 61059287, pluginId: HealthPlugin, methodName: queryAggregated
2026-01-27 00:32:28.019   666-666   Capacitor               com.FayaFlex.App                     V  callback: 61059287, pluginId: HealthPlugin, methodName: queryAggregated, methodData: {"startDate":"2026-01-19T22:32:27.771Z","endDate":"2026-01-26T22:32:27.771Z","dataType":"total-calories","bucket":"day"}
2026-01-27 00:32:28.044   666-666   Capacitor/Console       com.FayaFlex.App                     I  File: https://fayaflex.com/assets/index-De7flV7c.js - Line 535 - Msg: [HealthService] total-calories: 7 records, total=10952
2026-01-27 00:32:28.045   666-666   Capacitor/Console       com.FayaFlex.App                     I  File: https://fayaflex.com/assets/index-De7flV7c.js - Line 535 - Msg: [HealthService] total-calories sample: {"startDate":"2026-01-20T00:32:27.771","endDate":"2026-01-21T00:32:27.771","value":1564.5}
2026-01-27 00:32:28.046   666-666   Capacitor/Console       com.FayaFlex.App                     I  File: https://fayaflex.com/assets/index-De7flV7c.js - Line 535 - Msg: [HealthService] Using total-calories for calories (total: 10952)
2026-01-27 00:32:28.046   666-666   Capacitor/Console       com.FayaFlex.App                     I  File: https://fayaflex.com/assets/index-De7flV7c.js - Line 535 - Msg: [HealthService] Final calories result: 7 records
2026-01-27 00:32:28.047   666-666   Capacitor/Plugin        com.FayaFlex.App                     V  To native (Capacitor plugin): callbackId: 61059288, pluginId: HealthPlugin, methodName: queryWorkouts
2026-01-27 00:32:28.047   666-666   Capacitor               com.FayaFlex.App                     V  callback: 61059288, pluginId: HealthPlugin, methodName: queryWorkouts, methodData: {"startDate":"2026-01-19T22:32:27.771Z","endDate":"2026-01-26T22:32:27.771Z","includeHeartRate":false,"includeRoute":false,"includeSteps":false}
2026-01-27 00:32:28.085   666-666   Capacitor/Console       com.FayaFlex.App                     I  File: https://fayaflex.com/assets/index-De7flV7c.js - Line 535 - Msg: [HealthService] Workouts fetched: 0
2026-01-27 00:32:28.088   666-666   Capacitor/Console       com.FayaFlex.App                     I  File: https://fayaflex.com/assets/index-De7flV7c.js - Line 535 - Msg: [HealthService] Total health data points: 7
2026-01-27 00:32:28.090   666-666   Capacitor/Console       com.FayaFlex.App                     I  File: https://fayaflex.com/assets/index-De7flV7c.js - Line 553 - Msg: [AutoSync] Syncing 7 days of health data
2026-01-27 00:32:28.099   666-666   Capacitor/Console       com.FayaFlex.App                     I  File: https://fayaflex.com/assets/index-De7flV7c.js - Line 48 - Msg: [API] POST https://fayaflex.com/api/devices/sync (native: true)
2026-01-27 00:32:28.100   666-666   Capacitor/Console       com.FayaFlex.App                     I  File: https://fayaflex.com/assets/index-De7flV7c.js - Line 48 - Msg: [API] Native POST https://fayaflex.com/api/devices/sync
2026-01-27 00:32:28.101   666-666   Capacitor/Plugin        com.FayaFlex.App                     V  To native (Capacitor plugin): callbackId: 61059289, pluginId: CapacitorHttp, methodName: request
2026-01-27 00:32:28.102   666-666   Capacitor               com.FayaFlex.App                     V  callback: 61059289, pluginId: CapacitorHttp, methodName: request, methodData: {"url":"https:\/\/fayaflex.com\/api\/devices\/sync","headers":{"Authorization":"Bearer [REDACTED-JWT]","Content-Type":"application\/json"},"method":"POST","data":{"provider":"android_health","activities":[{"date":"2026-01-20","calories":1565,"steps":0,"workouts":0},{"date":"2026-01-21","calories":1565,"steps":0,"workouts":0},{"date":"2026-01-22","calories":1565,"steps":0,"workouts":0},{"date":"2026-01-23","calories":1565,"steps":0,"workouts":0},{"date":"2026-01-24","calories":1565,"steps":0,"workouts":0},{"date":"2026-01-25","calories":1565,"steps":0,"workouts":0},{"date":"2026-01-26","calories":1565,"steps":0,"workouts":0}]}}
2026-01-27 00:32:28.103   666-1003  CapacitorCookies        com.FayaFlex.App                     I  Getting cookies at: 'https://fayaflex.com/api/devices/sync'
2026-01-27 00:32:28.998   666-666   Capacitor/Console       com.FayaFlex.App                     I  File: https://fayaflex.com/assets/index-De7flV7c.js - Line 48 - Msg: [API] Native response: 200
2026-01-27 00:32:28.998   666-666   Capacitor/Console       com.FayaFlex.App                     I  File: https://fayaflex.com/assets/index-De7flV7c.js - Line 553 - Msg: [AutoSync] Health data synced successfully
2026-01-27 00:32:36.205   666-666   Capacitor/Console       com.FayaFlex.App                     I  File: https://fayaflex.com/assets/index-De7flV7c.js - Line 48 - Msg: [API] Native GET https://fayaflex.com/api/teams
2026-01-27 00:32:36.216   666-666   Capacitor/Console       com.FayaFlex.App                     I  File: https://fayaflex.com/assets/index-De7flV7c.js - Line 48 - Msg: [API] Native GET https://fayaflex.com/api/goals/suggested
2026-01-27 00:32:36.217   666-666   Capacitor/Console       com.FayaFlex.App                     I  File: https://fayaflex.com/assets/index-De7flV7c.js - Line 48 - Msg: [API] Native GET https://fayaflex.com/api/ai-coach/suggestions
2026-01-27 00:32:36.218   666-666   Capacitor/Console       com.FayaFlex.App                     I  File: https://fayaflex.com/assets/index-De7flV7c.js - Line 48 - Msg: [API] GET https://fayaflex.com/api/leaderboard/user-rank?month=1&year=2026 (native: true)
2026-01-27 00:32:36.218   666-666   Capacitor/Console       com.FayaFlex.App                     I  File: https://fayaflex.com/assets/index-De7flV7c.js - Line 48 - Msg: [API] Native GET https://fayaflex.com/api/leaderboard/user-rank?month=1&year=2026
2026-01-27 00:32:36.220   666-666   Capacitor/Console       com.FayaFlex.App                     I  File: https://fayaflex.com/assets/index-De7flV7c.js - Line 48 - Msg: [API] Native GET https://fayaflex.com/api/dashboard/stats
2026-01-27 00:32:36.221   666-666   Capacitor/Console       com.FayaFlex.App                     I  File: https://fayaflex.com/assets/index-De7flV7c.js - Line 48 - Msg: [API] Native GET https://fayaflex.com/api/progress/chart
2026-01-27 00:32:36.222   666-666   Capacitor/Console       com.FayaFlex.App                     I  File: https://fayaflex.com/assets/index-De7flV7c.js - Line 48 - Msg: [API] Native GET https://fayaflex.com/api/activities
2026-01-27 00:32:36.222   666-666   Capacitor/Console       com.FayaFlex.App                     I  File: https://fayaflex.com/assets/index-De7flV7c.js - Line 48 - Msg: [API] Native GET https://fayaflex.com/api/notifications
2026-01-27 00:32:36.237   666-666   Capacitor/Plugin        com.FayaFlex.App                     V  To native (Capacitor plugin): callbackId: 61059290, pluginId: CapacitorHttp, methodName: request
2026-01-27 00:32:36.237   666-666   Capacitor               com.FayaFlex.App                     V  callback: 61059290, pluginId: CapacitorHttp, methodName: request, methodData: {"url":"https:\/\/fayaflex.com\/api\/teams","headers":{"Authorization":"Bearer [REDACTED-JWT]"},"method":"GET"}
2026-01-27 00:32:36.238   666-666   Capacitor/Plugin        com.FayaFlex.App                     V  To native (Capacitor plugin): callbackId: 61059291, pluginId: CapacitorHttp, methodName: request
2026-01-27 00:32:36.238   666-666   Capacitor               com.FayaFlex.App                     V  callback: 61059291, pluginId: CapacitorHttp, methodName: request, methodData: {"url":"https:\/\/fayaflex.com\/api\/goals\/suggested","headers":{"Authorization":"Bearer [REDACTED-JWT]"},"method":"GET"}
2026-01-27 00:32:36.238   666-666   Capacitor/Plugin        com.FayaFlex.App                     V  To native (Capacitor plugin): callbackId: 61059292, pluginId: CapacitorHttp, methodName: request
2026-01-27 00:32:36.238   666-666   Capacitor               com.FayaFlex.App                     V  callback: 61059292, pluginId: CapacitorHttp, methodName: request, methodData: {"url":"https:\/\/fayaflex.com\/api\/ai-coach\/suggestions","headers":{"Authorization":"Bearer [REDACTED-JWT]"},"method":"GET"}
2026-01-27 00:32:36.238   666-666   Capacitor/Plugin        com.FayaFlex.App                     V  To native (Capacitor plugin): callbackId: 61059293, pluginId: CapacitorHttp, methodName: request
2026-01-27 00:32:36.238   666-666   Capacitor               com.FayaFlex.App                     V  callback: 61059293, pluginId: CapacitorHttp, methodName: request, methodData: {"url":"https:\/\/fayaflex.com\/api\/leaderboard\/user-rank?month=1&year=2026","headers":{"Authorization":"Bearer [REDACTED-JWT]"},"method":"GET"}
2026-01-27 00:32:36.238   666-666   Capacitor/Plugin        com.FayaFlex.App                     V  To native (Capacitor plugin): callbackId: 61059294, pluginId: CapacitorHttp, methodName: request
2026-01-27 00:32:36.238   666-666   Capacitor               com.FayaFlex.App                     V  callback: 61059294, pluginId: CapacitorHttp, methodName: request, methodData: {"url":"https:\/\/fayaflex.com\/api\/dashboard\/stats","headers":{"Authorization":"Bearer [REDACTED-JWT]"},"method":"GET"}
2026-01-27 00:32:36.238   666-666   Capacitor/Plugin        com.FayaFlex.App                     V  To native (Capacitor plugin): callbackId: 61059295, pluginId: CapacitorHttp, methodName: request
2026-01-27 00:32:36.238   666-666   Capacitor               com.FayaFlex.App                     V  callback: 61059295, pluginId: CapacitorHttp, methodName: request, methodData: {"url":"https:\/\/fayaflex.com\/api\/progress\/chart","headers":{"Authorization":"Bearer [REDACTED-JWT]"},"method":"GET"}
2026-01-27 00:32:36.238   666-666   Capacitor/Plugin        com.FayaFlex.App                     V  To native (Capacitor plugin): callbackId: 61059296, pluginId: CapacitorHttp, methodName: request
2026-01-27 00:32:36.238   666-666   Capacitor               com.FayaFlex.App                     V  callback: 61059296, pluginId: CapacitorHttp, methodName: request, methodData: {"url":"https:\/\/fayaflex.com\/api\/activities","headers":{"Authorization":"Bearer [REDACTED-JWT]"},"method":"GET"}
2026-01-27 00:32:36.238   666-666   Capacitor/Plugin        com.FayaFlex.App                     V  To native (Capacitor plugin): callbackId: 61059297, pluginId: CapacitorHttp, methodName: request
2026-01-27 00:32:36.238   666-666   Capacitor               com.FayaFlex.App                     V  callback: 61059297, pluginId: CapacitorHttp, methodName: request, methodData: {"url":"https:\/\/fayaflex.com\/api\/notifications","headers":{"Authorization":"Bearer [REDACTED-JWT]"},"method":"GET"}
2026-01-27 00:32:36.245   666-1049  CapacitorCookies        com.FayaFlex.App                     I  Getting cookies at: 'https://fayaflex.com/api/goals/suggested'
2026-01-27 00:32:36.256   666-1050  CapacitorCookies        com.FayaFlex.App                     I  Getting cookies at: 'https://fayaflex.com/api/ai-coach/suggestions'
2026-01-27 00:32:36.259   666-1051  CapacitorCookies        com.FayaFlex.App                     I  Getting cookies at: 'https://fayaflex.com/api/leaderboard/user-rank?month=1&year=2026'
2026-01-27 00:32:36.260   666-1052  CapacitorCookies        com.FayaFlex.App                     I  Getting cookies at: 'https://fayaflex.com/api/dashboard/stats'
2026-01-27 00:32:36.261   666-1053  CapacitorCookies        com.FayaFlex.App                     I  Getting cookies at: 'https://fayaflex.com/api/progress/chart'
2026-01-27 00:32:36.261   666-1054  CapacitorCookies        com.FayaFlex.App                     I  Getting cookies at: 'https://fayaflex.com/api/activities'
2026-01-27 00:32:36.261   666-1055  CapacitorCookies        com.FayaFlex.App                     I  Getting cookies at: 'https://fayaflex.com/api/notifications'
2026-01-27 00:32:36.262   666-1003  CapacitorCookies        com.FayaFlex.App                     I  Getting cookies at: 'https://fayaflex.com/api/teams'
2026-01-27 00:32:36.698   666-666   Capacitor/Console       com.FayaFlex.App                     I  File: https://fayaflex.com/assets/index-De7flV7c.js - Line 48 - Msg: [API] Native response: 200
2026-01-27 00:32:37.218   666-666   Capacitor/Console       com.FayaFlex.App                     I  File: https://fayaflex.com/assets/index-De7flV7c.js - Line 48 - Msg: [API] Native response: 200
2026-01-27 00:32:37.220   666-666   Capacitor/Console       com.FayaFlex.App                     I  File: https://fayaflex.com/assets/index-De7flV7c.js - Line 48 - Msg: [API] Native response: 200
2026-01-27 00:32:37.220   666-666   Capacitor/Console       com.FayaFlex.App                     I  File: https://fayaflex.com/assets/index-De7flV7c.js - Line 48 - Msg: [API] Native response: 200
2026-01-27 00:32:37.386   666-666   Capacitor/Console       com.FayaFlex.App                     I  File: https://fayaflex.com/assets/index-De7flV7c.js - Line 48 - Msg: [API] Native response: 200
2026-01-27 00:32:37.543   666-666   Capacitor/Console       com.FayaFlex.App                     I  File: https://fayaflex.com/assets/index-De7flV7c.js - Line 48 - Msg: [API] Native response: 200
2026-01-27 00:32:37.544   666-666   Capacitor/Console       com.FayaFlex.App                     I  File: https://fayaflex.com/assets/index-De7flV7c.js - Line 48 - Msg: [API] Native response: 200
2026-01-27 00:32:37.627   666-690   om.FayaFlex.App         com.FayaFlex.App                     I  Background young concurrent mark compact GC freed 3171KB AllocSpace bytes, 14(280KB) LOS objects, 39% free, 5191KB/8624KB, paused 136us,9.036ms total 353.786ms
2026-01-27 00:32:39.253   666-666   Capacitor/Console       com.FayaFlex.App                     I  File: https://fayaflex.com/assets/index-De7flV7c.js - Line 48 - Msg: [API] Native GET https://fayaflex.com/api/devices
2026-01-27 00:32:39.257   666-666   Capacitor/Plugin        com.FayaFlex.App                     V  To native (Capacitor plugin): callbackId: 61059298, pluginId: CapacitorHttp, methodName: request
2026-01-27 00:32:39.258   666-666   Capacitor               com.FayaFlex.App                     V  callback: 61059298, pluginId: CapacitorHttp, methodName: request, methodData: {"url":"https:\/\/fayaflex.com\/api\/devices","headers":{"Authorization":"Bearer [REDACTED-JWT]"},"method":"GET"}
2026-01-27 00:32:39.259   666-666   Capacitor/Plugin        com.FayaFlex.App                     V  To native (Capacitor plugin): callbackId: 61059299, pluginId: HealthPlugin, methodName: isHealthAvailable
2026-01-27 00:32:39.260   666-666   Capacitor               com.FayaFlex.App                     V  callback: 61059299, pluginId: HealthPlugin, methodName: isHealthAvailable, methodData: {}
2026-01-27 00:32:39.268   666-1003  CapacitorCookies        com.FayaFlex.App                     I  Getting cookies at: 'https://fayaflex.com/api/devices'
2026-01-27 00:32:39.684   666-666   Capacitor/Console       com.FayaFlex.App                     I  File: https://fayaflex.com/assets/index-De7flV7c.js - Line 48 - Msg: [API] Native response: 200
2026-01-27 00:32:40.991   666-666   Capacitor/Console       com.FayaFlex.App                     I  File: https://fayaflex.com/assets/index-De7flV7c.js - Line 48 - Msg: [API] Native response: 200
2026-01-27 00:32:48.531   666-666   Capacitor/Console       com.FayaFlex.App                     I  File: https://fayaflex.com/assets/index-De7flV7c.js - Line 48 - Msg: [API] GET https://fayaflex.com/api/leaderboard/teams?month=1&year=2026 (native: true)
2026-01-27 00:32:48.532   666-666   Capacitor/Console       com.FayaFlex.App                     I  File: https://fayaflex.com/assets/index-De7flV7c.js - Line 48 - Msg: [API] Native GET https://fayaflex.com/api/leaderboard/teams?month=1&year=2026
2026-01-27 00:32:48.535   666-666   Capacitor/Console       com.FayaFlex.App                     I  File: https://fayaflex.com/assets/index-De7flV7c.js - Line 48 - Msg: [API] GET https://fayaflex.com/api/leaderboard/category/calories?month=1&year=2026 (native: true)
2026-01-27 00:32:48.535   666-666   Capacitor/Console       com.FayaFlex.App                     I  File: https://fayaflex.com/assets/index-De7flV7c.js - Line 48 - Msg: [API] Native GET https://fayaflex.com/api/leaderboard/category/calories?month=1&year=2026
2026-01-27 00:32:48.536   666-666   Capacitor/Console       com.FayaFlex.App                     I  File: https://fayaflex.com/assets/index-De7flV7c.js - Line 48 - Msg: [API] GET https://fayaflex.com/api/leaderboard/category/steps?month=1&year=2026 (native: true)
2026-01-27 00:32:48.536   666-666   Capacitor/Console       com.FayaFlex.App                     I  File: https://fayaflex.com/assets/index-De7flV7c.js - Line 48 - Msg: [API] Native GET https://fayaflex.com/api/leaderboard/category/steps?month=1&year=2026
2026-01-27 00:32:48.536   666-666   Capacitor/Console       com.FayaFlex.App                     I  File: https://fayaflex.com/assets/index-De7flV7c.js - Line 48 - Msg: [API] GET https://fayaflex.com/api/leaderboard/category/workouts?month=1&year=2026 (native: true)
2026-01-27 00:32:48.536   666-666   Capacitor/Console       com.FayaFlex.App                     I  File: https://fayaflex.com/assets/index-De7flV7c.js - Line 48 - Msg: [API] Native GET https://fayaflex.com/api/leaderboard/category/workouts?month=1&year=2026
2026-01-27 00:32:48.538   666-666   Capacitor/Plugin        com.FayaFlex.App                     V  To native (Capacitor plugin): callbackId: 61059300, pluginId: CapacitorHttp, methodName: request
2026-01-27 00:32:48.539   666-666   Capacitor               com.FayaFlex.App                     V  callback: 61059300, pluginId: CapacitorHttp, methodName: request, methodData: {"url":"https:\/\/fayaflex.com\/api\/leaderboard\/teams?month=1&year=2026","headers":{"Authorization":"Bearer [REDACTED-JWT]"},"method":"GET"}
2026-01-27 00:32:48.539   666-666   Capacitor/Plugin        com.FayaFlex.App                     V  To native (Capacitor plugin): callbackId: 61059301, pluginId: CapacitorHttp, methodName: request
2026-01-27 00:32:48.539   666-666   Capacitor               com.FayaFlex.App                     V  callback: 61059301, pluginId: CapacitorHttp, methodName: request, methodData: {"url":"https:\/\/fayaflex.com\/api\/leaderboard\/category\/calories?month=1&year=2026","headers":{"Authorization":"Bearer [REDACTED-JWT]"},"method":"GET"}
2026-01-27 00:32:48.539   666-666   Capacitor/Plugin        com.FayaFlex.App                     V  To native (Capacitor plugin): callbackId: 61059302, pluginId: CapacitorHttp, methodName: request
2026-01-27 00:32:48.539   666-666   Capacitor               com.FayaFlex.App                     V  callback: 61059302, pluginId: CapacitorHttp, methodName: request, methodData: {"url":"https:\/\/fayaflex.com\/api\/leaderboard\/category\/steps?month=1&year=2026","headers":{"Authorization":"Bearer [REDACTED-JWT]"},"method":"GET"}
2026-01-27 00:32:48.540   666-666   Capacitor/Plugin        com.FayaFlex.App                     V  To native (Capacitor plugin): callbackId: 61059303, pluginId: CapacitorHttp, methodName: request
2026-01-27 00:32:48.540   666-666   Capacitor               com.FayaFlex.App                     V  callback: 61059303, pluginId: CapacitorHttp, methodName: request, methodData: {"url":"https:\/\/fayaflex.com\/api\/leaderboard\/category\/workouts?month=1&year=2026","headers":{"Authorization":"Bearer [REDACTED-JWT]"},"method":"GET"}
2026-01-27 00:32:48.550   666-1054  CapacitorCookies        com.FayaFlex.App                     I  Getting cookies at: 'https://fayaflex.com/api/leaderboard/category/workouts?month=1&year=2026'
2026-01-27 00:32:48.555   666-1003  CapacitorCookies        com.FayaFlex.App                     I  Getting cookies at: 'https://fayaflex.com/api/leaderboard/category/calories?month=1&year=2026'
2026-01-27 00:32:48.555   666-1052  CapacitorCookies        com.FayaFlex.App                     I  Getting cookies at: 'https://fayaflex.com/api/leaderboard/category/steps?month=1&year=2026'
2026-01-27 00:32:48.556   666-1050  CapacitorCookies        com.FayaFlex.App                     I  Getting cookies at: 'https://fayaflex.com/api/leaderboard/teams?month=1&year=2026'
2026-01-27 00:32:49.009   666-666   Capacitor/Console       com.FayaFlex.App                     I  File: https://fayaflex.com/assets/index-De7flV7c.js - Line 48 - Msg: [API] Native response: 200
2026-01-27 00:32:49.184   666-666   Capacitor/Console       com.FayaFlex.App                     I  File: https://fayaflex.com/assets/index-De7flV7c.js - Line 48 - Msg: [API] Native response: 200
2026-01-27 00:32:49.199   666-666   Capacitor/Console       com.FayaFlex.App                     I  File: https://fayaflex.com/assets/index-De7flV7c.js - Line 48 - Msg: [API] Native response: 200
2026-01-27 00:32:49.684   666-666   Capacitor/Console       com.FayaFlex.App                     I  File: https://fayaflex.com/assets/index-De7flV7c.js - Line 48 - Msg: [API] Native response: 200
2026-01-27 00:32:53.272   666-666   Capacitor/Console       com.FayaFlex.App                     I  File: https://fayaflex.com/assets/index-De7flV7c.js - Line 48 - Msg: [API] Native GET https://fayaflex.com/api/badges
2026-01-27 00:32:53.279   666-666   Capacitor/Console       com.FayaFlex.App                     I  File: https://fayaflex.com/assets/index-De7flV7c.js - Line 48 - Msg: [API] Native GET https://fayaflex.com/api/badges/check
2026-01-27 00:32:53.282   666-666   Capacitor/Console       com.FayaFlex.App                     I  File: https://fayaflex.com/assets/index-De7flV7c.js - Line 48 - Msg: [API] Native GET https://fayaflex.com/api/profile/stats
2026-01-27 00:32:53.283   666-666   Capacitor/Console       com.FayaFlex.App                     I  File: https://fayaflex.com/assets/index-De7flV7c.js - Line 48 - Msg: [API] Native GET https://fayaflex.com/api/challenges
2026-01-27 00:32:53.286   666-666   Capacitor/Plugin        com.FayaFlex.App                     V  To native (Capacitor plugin): callbackId: 61059304, pluginId: CapacitorHttp, methodName: request
2026-01-27 00:32:53.286   666-666   Capacitor               com.FayaFlex.App                     V  callback: 61059304, pluginId: CapacitorHttp, methodName: request, methodData: {"url":"https:\/\/fayaflex.com\/api\/badges","headers":{"Authorization":"Bearer [REDACTED-JWT]"},"method":"GET"}
2026-01-27 00:32:53.288   666-1050  CapacitorCookies        com.FayaFlex.App                     I  Getting cookies at: 'https://fayaflex.com/api/badges'
2026-01-27 00:32:53.289   666-666   Capacitor/Plugin        com.FayaFlex.App                     V  To native (Capacitor plugin): callbackId: 61059305, pluginId: CapacitorHttp, methodName: request
2026-01-27 00:32:53.289   666-666   Capacitor               com.FayaFlex.App                     V  callback: 61059305, pluginId: CapacitorHttp, methodName: request, methodData: {"url":"https:\/\/fayaflex.com\/api\/badges\/check","headers":{"Authorization":"Bearer [REDACTED-JWT]"},"method":"GET"}
2026-01-27 00:32:53.290   666-666   Capacitor/Plugin        com.FayaFlex.App                     V  To native (Capacitor plugin): callbackId: 61059306, pluginId: CapacitorHttp, methodName: request
2026-01-27 00:32:53.291   666-666   Capacitor               com.FayaFlex.App                     V  callback: 61059306, pluginId: CapacitorHttp, methodName: request, methodData: {"url":"https:\/\/fayaflex.com\/api\/profile\/stats","headers":{"Authorization":"Bearer [REDACTED-JWT]"},"method":"GET"}
2026-01-27 00:32:53.291   666-666   Capacitor/Plugin        com.FayaFlex.App                     V  To native (Capacitor plugin): callbackId: 61059307, pluginId: CapacitorHttp, methodName: request
2026-01-27 00:32:53.291   666-666   Capacitor               com.FayaFlex.App                     V  callback: 61059307, pluginId: CapacitorHttp, methodName: request, methodData: {"url":"https:\/\/fayaflex.com\/api\/challenges","headers":{"Authorization":"Bearer [REDACTED-JWT]"},"method":"GET"}
2026-01-27 00:32:53.294   666-1003  CapacitorCookies        com.FayaFlex.App                     I  Getting cookies at: 'https://fayaflex.com/api/badges/check'
2026-01-27 00:32:53.303   666-1052  CapacitorCookies        com.FayaFlex.App                     I  Getting cookies at: 'https://fayaflex.com/api/profile/stats'
2026-01-27 00:32:53.303   666-1054  CapacitorCookies        com.FayaFlex.App                     I  Getting cookies at: 'https://fayaflex.com/api/challenges'
2026-01-27 00:32:53.742   666-666   Capacitor/Console       com.FayaFlex.App                     I  File: https://fayaflex.com/assets/index-De7flV7c.js - Line 48 - Msg: [API] Native response: 200
2026-01-27 00:32:53.743   666-666   Capacitor/Console       com.FayaFlex.App                     I  File: https://fayaflex.com/assets/index-De7flV7c.js - Line 48 - Msg: [API] Native response: 200
2026-01-27 00:32:53.899   666-666   Capacitor/Console       com.FayaFlex.App                     I  File: https://fayaflex.com/assets/index-De7flV7c.js - Line 48 - Msg: [API] Native response: 200
2026-01-27 00:32:53.989   666-666   Capacitor/Console       com.FayaFlex.App                     I  File: https://fayaflex.com/assets/index-De7flV7c.js - Line 48 - Msg: [API] Native response: 200
2026-01-27 00:32:58.085   666-666   Capacitor/Plugin        com.FayaFlex.App                     V  To native (Capacitor plugin): callbackId: 61059308, pluginId: HealthPlugin, methodName: isHealthAvailable
2026-01-27 00:32:58.087   666-666   Capacitor               com.FayaFlex.App                     V  callback: 61059308, pluginId: HealthPlugin, methodName: isHealthAvailable, methodData: {}
2026-01-27 00:32:59.870   666-666   Capacitor/Console       com.FayaFlex.App                     I  File: https://fayaflex.com/assets/index-De7flV7c.js - Line 48 - Msg: [API] Native GET https://fayaflex.com/api/dashboard/stats
2026-01-27 00:32:59.871   666-666   Capacitor/Console       com.FayaFlex.App                     I  File: https://fayaflex.com/assets/index-De7flV7c.js - Line 48 - Msg: [API] Native GET https://fayaflex.com/api/progress/chart
2026-01-27 00:32:59.872   666-666   Capacitor/Console       com.FayaFlex.App                     I  File: https://fayaflex.com/assets/index-De7flV7c.js - Line 48 - Msg: [API] Native GET https://fayaflex.com/api/activities
2026-01-27 00:32:59.874   666-666   Capacitor/Plugin        com.FayaFlex.App                     V  To native (Capacitor plugin): callbackId: 61059309, pluginId: CapacitorHttp, methodName: request
2026-01-27 00:32:59.874   666-666   Capacitor               com.FayaFlex.App                     V  callback: 61059309, pluginId: CapacitorHttp, methodName: request, methodData: {"url":"https:\/\/fayaflex.com\/api\/dashboard\/stats","headers":{"Authorization":"Bearer [REDACTED-JWT]"},"method":"GET"}
2026-01-27 00:32:59.877   666-1003  CapacitorCookies        com.FayaFlex.App                     I  Getting cookies at: 'https://fayaflex.com/api/dashboard/stats'
2026-01-27 00:32:59.885   666-666   Capacitor/Plugin        com.FayaFlex.App                     V  To native (Capacitor plugin): callbackId: 61059310, pluginId: CapacitorHttp, methodName: request
2026-01-27 00:32:59.885   666-666   Capacitor               com.FayaFlex.App                     V  callback: 61059310, pluginId: CapacitorHttp, methodName: request, methodData: {"url":"https:\/\/fayaflex.com\/api\/progress\/chart","headers":{"Authorization":"Bearer [REDACTED-JWT]"},"method":"GET"}
2026-01-27 00:32:59.886   666-666   Capacitor/Plugin        com.FayaFlex.App                     V  To native (Capacitor plugin): callbackId: 61059311, pluginId: CapacitorHttp, methodName: request
2026-01-27 00:32:59.886   666-666   Capacitor               com.FayaFlex.App                     V  callback: 61059311, pluginId: CapacitorHttp, methodName: request, methodData: {"url":"https:\/\/fayaflex.com\/api\/activities","headers":{"Authorization":"Bearer [REDACTED-JWT]"},"method":"GET"}
2026-01-27 00:32:59.888   666-1052  CapacitorCookies        com.FayaFlex.App                     I  Getting cookies at: 'https://fayaflex.com/api/progress/chart'
2026-01-27 00:32:59.890   666-1050  CapacitorCookies        com.FayaFlex.App                     I  Getting cookies at: 'https://fayaflex.com/api/activities'
2026-01-27 00:33:00.439   666-666   Capacitor/Console       com.FayaFlex.App                     I  File: https://fayaflex.com/assets/index-De7flV7c.js - Line 48 - Msg: [API] Native response: 200
2026-01-27 00:33:00.440   666-666   Capacitor/Console       com.FayaFlex.App                     I  File: https://fayaflex.com/assets/index-De7flV7c.js - Line 48 - Msg: [API] Native response: 200
2026-01-27 00:33:00.816   666-666   Capacitor/Console       com.FayaFlex.App                     I  File: https://fayaflex.com/assets/index-De7flV7c.js - Line 48 - Msg: [API] Native response: 200
2026-01-27 00:33:03.311   666-666   Capacitor/Plugin        com.FayaFlex.App                     V  To native (Capacitor plugin): callbackId: 61059312, pluginId: HealthPlugin, methodName: isHealthAvailable
2026-01-27 00:33:03.311   666-666   Capacitor               com.FayaFlex.App                     V  callback: 61059312, pluginId: HealthPlugin, methodName: isHealthAvailable, methodData: {}
2026-01-27 00:33:15.336   666-666   Capacitor/Console       com.FayaFlex.App                     I  File: https://fayaflex.com/assets/index-De7flV7c.js - Line 48 - Msg: [API] Native GET https://fayaflex.com/api/dashboard/stats
2026-01-27 00:33:15.338   666-666   Capacitor/Console       com.FayaFlex.App                     I  File: https://fayaflex.com/assets/index-De7flV7c.js - Line 48 - Msg: [API] Native GET https://fayaflex.com/api/progress/chart
2026-01-27 00:33:15.338   666-666   Capacitor/Console       com.FayaFlex.App                     I  File: https://fayaflex.com/assets/index-De7flV7c.js - Line 48 - Msg: [API] Native GET https://fayaflex.com/api/activities
2026-01-27 00:33:15.340   666-666   Capacitor/Plugin        com.FayaFlex.App                     V  To native (Capacitor plugin): callbackId: 61059313, pluginId: CapacitorHttp, methodName: request
2026-01-27 00:33:15.340   666-666   Capacitor               com.FayaFlex.App                     V  callback: 61059313, pluginId: CapacitorHttp, methodName: request, methodData: {"url":"https:\/\/fayaflex.com\/api\/dashboard\/stats","headers":{"Authorization":"Bearer [REDACTED-JWT]"},"method":"GET"}
2026-01-27 00:33:15.341   666-1003  CapacitorCookies        com.FayaFlex.App                     I  Getting cookies at: 'https://fayaflex.com/api/dashboard/stats'
2026-01-27 00:33:15.344   666-666   Capacitor/Plugin        com.FayaFlex.App                     V  To native (Capacitor plugin): callbackId: 61059314, pluginId: CapacitorHttp, methodName: request
2026-01-27 00:33:15.344   666-666   Capacitor               com.FayaFlex.App                     V  callback: 61059314, pluginId: CapacitorHttp, methodName: request, methodData: {"url":"https:\/\/fayaflex.com\/api\/progress\/chart","headers":{"Authorization":"Bearer [REDACTED-JWT]"},"method":"GET"}
2026-01-27 00:33:15.346   666-666   Capacitor/Plugin        com.FayaFlex.App                     V  To native (Capacitor plugin): callbackId: 61059315, pluginId: CapacitorHttp, methodName: request
2026-01-27 00:33:15.346   666-666   Capacitor               com.FayaFlex.App                     V  callback: 61059315, pluginId: CapacitorHttp, methodName: request, methodData: {"url":"https:\/\/fayaflex.com\/api\/activities","headers":{"Authorization":"Bearer [REDACTED-JWT]"},"method":"GET"}
2026-01-27 00:33:15.346   666-1052  CapacitorCookies        com.FayaFlex.App                     I  Getting cookies at: 'https://fayaflex.com/api/activities'
2026-01-27 00:33:15.348   666-1050  CapacitorCookies        com.FayaFlex.App                     I  Getting cookies at: 'https://fayaflex.com/api/progress/chart'
2026-01-27 00:33:16.070   666-666   Capacitor/Console       com.FayaFlex.App                     I  File: https://fayaflex.com/assets/index-De7flV7c.js - Line 48 - Msg: [API] Native response: 200
2026-01-27 00:33:16.070   666-666   Capacitor/Console       com.FayaFlex.App                     I  File: https://fayaflex.com/assets/index-De7flV7c.js - Line 48 - Msg: [API] Native response: 200
